ASxxxx Linker V03.00 + NoICE + sdld,  page 1.
Hexadecimal  [32-Bits]

Area                                    Addr        Size        Decimal Bytes (Attributes)
--------------------------------        ----        ----        ------- ----- ------------
CABS                                00000000    00000000 =           0. bytes (ABS,CON,CODE)

      Value  Global                              Global Defined In Module
      -----  --------------------------------   ------------------------
C:   00000000  l_BSEG                          
C:   00000000  l_BSEG_BYTES                    
C:   00000000  l_CABS                          
C:   00000000  l_GSINIT                        
C:   00000000  l_GSINIT1                       
C:   00000000  l_GSINIT5                       
C:   00000000  l_IABS                          
C:   00000000  l_ISEG                          
C:   00000000  l_PSEG                          
C:   00000000  l_REG_BANK_1                    
C:   00000000  l_REG_BANK_2                    
C:   00000000  l_REG_BANK_3                    
C:   00000000  l_RSEG                          
C:   00000000  l_RSEG0                         
C:   00000000  l_RSEG1                         
C:   00000000  l_XABS                          
C:   00000000  l_XINIT                         
C:   00000000  l_XISEG                         
C:   00000000  l_XSEG                          
C:   00000000  l__CODE                         
C:   00000000  s_BSEG                          
C:   00000000  s_CABS                          
C:   00000000  s_DSEG                          
C:   00000000  s_HOME                          
C:   00000000  s_IABS                          
C:   00000000  s_ISEG                          
C:   00000000  s_REG_BANK_0                    
C:   00000000  s_RSEG                          
C:   00000000  s_RSEG0                         
C:   00000000  s_RSEG1                         
C:   00000000  s_XABS                          
C:   00000001  l_BIT_BANK                      
C:   00000001  s_PSEG                          
C:   00000001  s_XISEG                         
C:   00000001  s_XSEG                          
C:   00000002  l_OSEG                          
C:   00000003  l_GSFINAL                       
C:   00000003  l_GSINIT0                       
C:   00000008  l_REG_BANK_0                    
C:   00000008  s_OSEG                          
C:   00000008  s_REG_BANK_1                    
C:   0000000A  l_GSINIT2                       
C:   00000010  s_REG_BANK_2                    
C:   00000011  l_HOME                          
C:   00000011  s_GSINIT0                       
C:   00000014  s_GSINIT1                       
C:   00000014  s_GSINIT2                       
C:   00000018  s_REG_BANK_3                    
C:   0000001E  s_GSINIT3                       
C:   00000020  s_BIT_BANK                      
ASxxxx Linker V03.00 + NoICE + sdld,  page 2.
Hexadecimal  [32-Bits]

Area                                    Addr        Size        Decimal Bytes (Attributes)
--------------------------------        ----        ----        ------- ----- ------------
CABS                                00000000    00000000 =           0. bytes (ABS,CON,CODE)

      Value  Global                              Global Defined In Module
      -----  --------------------------------   ------------------------
C:   00000020  s_BSEG_BYTES                    
C:   00000020  s__CODE                         
C:   00000022  l_GSINIT3                       
C:   0000002A  l_GSINIT4                       
C:   00000040  s_GSINIT4                       
C:   00000044  l_CONST                         
C:   0000004F  s_SSEG                          
C:   0000006A  l_DSEG                          
C:   0000006A  s_GSFINAL                       
C:   0000006A  s_GSINIT                        
C:   0000006A  s_GSINIT5                       
C:   0000006D  s_CSEG                          
C:   000000B1  l_SSEG                          
C:   00000100  l_IRAM                          
C:   00000B56  l_CSEG                          
C:   00000BC3  s_CONST                         
C:   00000C07  s_XINIT                         

ASxxxx Linker V03.00 + NoICE + sdld,  page 3.
Hexadecimal  [32-Bits]

Area                                    Addr        Size        Decimal Bytes (Attributes)
--------------------------------        ----        ----        ------- ----- ------------
.  .ABS.                            00000000    00000000 =           0. bytes (ABS,CON)

      Value  Global                              Global Defined In Module
      -----  --------------------------------   ------------------------
     00000000  .__.ABS.                           _startup
     00000080  _P0                                Main
     00000080  _P0_0                              Main
     00000081  _P0_1                              Main
     00000081  _SP                                Main
     00000082  _DPL                               Main
     00000082  _P0_2                              Main
     00000083  _DPH                               Main
     00000083  _P0_3                              Main
     00000084  _P0_4                              Main
     00000085  _P0_5                              Main
     00000086  _P0_6                              Main
     00000087  _P0_7                              Main
     00000087  _PCON                              Main
     00000088  _IT0                               Main
     00000088  _TCON                              Main
     00000089  _IE0                               Main
     00000089  _TMOD                              Main
     0000008A  _IT1                               Main
     0000008A  _TL0                               Main
     0000008B  _IE1                               Main
     0000008B  _TL1                               Main
     0000008C  _TH0                               Main
     0000008C  _TR0                               Main
     0000008D  _TF0                               Main
     0000008D  _TH1                               Main
     0000008E  _AUXR                              Main
     0000008E  _TR1                               Main
     0000008F  _TF1                               Main
     0000008F  _WAKE_CLKO                         Main
     00000090  _P1                                Main
     00000090  _P1_0                              Main
     00000091  _P1M1                              Main
     00000091  _P1_1                              Main
     00000092  _P1M0                              Main
     00000092  _P1_2                              Main
     00000093  _P0M1                              Main
     00000093  _P1_3                              Main
     00000094  _P0M0                              Main
     00000094  _P1_4                              Main
     00000095  _P1_5                              Main
     00000095  _P2M1                              Main
     00000096  _P1_6                              Main
     00000096  _P2M0                              Main
     00000097  _CLK_DIV                           Main
     00000097  _P1_7                              Main
     00000098  _RI                                Main
     00000098  _SCON                              Main
     00000099  _SBUF                              Main
     00000099  _TI                                Main
ASxxxx Linker V03.00 + NoICE + sdld,  page 4.
Hexadecimal  [32-Bits]

Area                                    Addr        Size        Decimal Bytes (Attributes)
--------------------------------        ----        ----        ------- ----- ------------
.  .ABS.                            00000000    00000000 =           0. bytes (ABS,CON)

      Value  Global                              Global Defined In Module
      -----  --------------------------------   ------------------------
     0000009A  _RB8                               Main
     0000009A  _S2CON                             Main
     0000009B  _S2BUF                             Main
     0000009B  _TB8                               Main
     0000009C  _BRT                               Main
     0000009C  _REN                               Main
     0000009D  _P1ASF                             Main
     0000009D  _SM2                               Main
     0000009E  _SM1                               Main
     0000009F  _SM0                               Main
     000000A0  _P2                                Main
     000000A0  _P2_0                              Main
     000000A0  __XPAGE                            
     000000A1  _BUS_SPEED                         Main
     000000A1  _P2_1                              Main
     000000A2  _AUXR1                             Main
     000000A2  _P2_2                              Main
     000000A3  _P2_3                              Main
     000000A4  _P2_4                              Main
     000000A5  _P2_5                              Main
     000000A6  _P2_6                              Main
     000000A7  _P2_7                              Main
     000000A8  _EX0                               Main
     000000A8  _IE                                Main
     000000A9  _ET0                               Main
     000000A9  _SADDR                             Main
     000000AA  _EX1                               Main
     000000AB  _ET1                               Main
     000000AC  _ES                                Main
     000000AD  _EADC                              Main
     000000AE  _ELVD                              Main
     000000AF  _EA                                Main
     000000AF  _IE2                               Main
     000000B0  _P3                                Main
     000000B0  _P3_0                              Main
     000000B0  _RXD                               Main
     000000B1  _P3M1                              Main
     000000B1  _P3_1                              Main
     000000B1  _TXD                               Main
     000000B2  _INT0                              Main
     000000B2  _P3M0                              Main
     000000B2  _P3_2                              Main
     000000B3  _INT1                              Main
     000000B3  _P3_3                              Main
     000000B3  _P4M1                              Main
     000000B4  _P3_4                              Main
     000000B4  _P4M0                              Main
     000000B4  _T0                                Main
     000000B5  _IP2                               Main
     000000B5  _P3_5                              Main
     000000B5  _T1                                Main
ASxxxx Linker V03.00 + NoICE + sdld,  page 5.
Hexadecimal  [32-Bits]

Area                                    Addr        Size        Decimal Bytes (Attributes)
--------------------------------        ----        ----        ------- ----- ------------
.  .ABS.                            00000000    00000000 =           0. bytes (ABS,CON)

      Value  Global                              Global Defined In Module
      -----  --------------------------------   ------------------------
     000000B6  _IP2H                              Main
     000000B6  _P3_6                              Main
     000000B6  _WR                                Main
     000000B7  _IPH                               Main
     000000B7  _P3_7                              Main
     000000B7  _RD                                Main
     000000B8  _IP                                Main
     000000B8  _PX0                               Main
     000000B9  _PT0                               Main
     000000B9  _SADEN                             Main
     000000BA  _PX1                               Main
     000000BB  _P4SW                              Main
     000000BB  _PT1                               Main
     000000BC  _ADC_CONTR                         Main
     000000BC  _PS                                Main
     000000BD  _ADC_RES                           Main
     000000BD  _PADC                              Main
     000000BE  _ADC_RESL                          Main
     000000BE  _PLVD                              Main
     000000BF  _PPCA                              Main
     000000C0  _P4                                Main
     000000C0  _P4_0                              Main
     000000C1  _P4_1                              Main
     000000C1  _WDT_CONTR                         Main
     000000C2  _IAP_DATA                          Main
     000000C2  _P4_2                              Main
     000000C3  _IAP_ADDRH                         Main
     000000C3  _P4_3                              Main
     000000C4  _IAP_ADDRL                         Main
     000000C4  _P4_4                              Main
     000000C5  _IAP_CMD                           Main
     000000C5  _P4_5                              Main
     000000C6  _IAP_TRIG                          Main
     000000C6  _P4_6                              Main
     000000C7  _IAP_CONTR                         Main
     000000C7  _P4_7                              Main
     000000C8  _P5                                Main
     000000C8  _P5_0                              Main
     000000C9  _P5M1                              Main
     000000C9  _P5_1                              Main
     000000CA  _P5M0                              Main
     000000CA  _P5_2                              Main
     000000CB  _P5_3                              Main
     000000CD  _SPSTAT                            Main
     000000CE  _SPCTL                             Main
     000000CF  _SPDAT                             Main
     000000D0  _P                                 Main
     000000D0  _PSW                               Main
     000000D1  _F1                                Main
     000000D2  _OV                                Main
     000000D3  _RS0                               Main
ASxxxx Linker V03.00 + NoICE + sdld,  page 6.
Hexadecimal  [32-Bits]

Area                                    Addr        Size        Decimal Bytes (Attributes)
--------------------------------        ----        ----        ------- ----- ------------
.  .ABS.                            00000000    00000000 =           0. bytes (ABS,CON)

      Value  Global                              Global Defined In Module
      -----  --------------------------------   ------------------------
     000000D4  _RS1                               Main
     000000D5  _F0                                Main
     000000D6  _AC                                Main
     000000D7  _CY                                Main
     000000D8  _CCF0                              Main
     000000D8  _CCON                              Main
     000000D9  _CCF1                              Main
     000000D9  _CMOD                              Main
     000000DA  _CCAPM0                            Main
     000000DB  _CCAPM1                            Main
     000000DE  _CR                                Main
     000000DF  _CF                                Main
     000000E0  _ACC                               Main
     000000E9  _CL                                Main
     000000EA  _CCAP0L                            Main
     000000EB  _CCAP1L                            Main
     000000F0  _B                                 Main
     000000F2  _PCA_PWM0                          Main
     000000F3  _PCA_PWM1                          Main
     000000F5  _B_5                               _gptrget
     000000F6  _B_6                               _gptrget
     000000F7  _B_7                               _gptrget
     000000F9  _CH                                Main
     000000FA  _CCAP0H                            Main
     000000FB  _CCAP1H                            Main
ASxxxx Linker V03.00 + NoICE + sdld,  page 7.
Hexadecimal  [32-Bits]

Area                                    Addr        Size        Decimal Bytes (Attributes)
--------------------------------        ----        ----        ------- ----- ------------
REG_BANK_0                          00000000    00000008 =           8. bytes (REL,OVR)

      Value  Global                              Global Defined In Module
      -----  --------------------------------   ------------------------
ASxxxx Linker V03.00 + NoICE + sdld,  page 8.
Hexadecimal  [32-Bits]

Area                                    Addr        Size        Decimal Bytes (Attributes)
--------------------------------        ----        ----        ------- ----- ------------
BIT_BANK                            00000020    00000001 =           1. bytes (REL,OVR)

      Value  Global                              Global Defined In Module
      -----  --------------------------------   ------------------------
ASxxxx Linker V03.00 + NoICE + sdld,  page 9.
Hexadecimal  [32-Bits]

Area                                    Addr        Size        Decimal Bytes (Attributes)
--------------------------------        ----        ----        ------- ----- ------------
DSEG                                00000000    0000006A =         106. bytes (REL,CON)

      Value  Global                              Global Defined In Module
      -----  --------------------------------   ------------------------
     00000021  _LCD_SetCursor_PARM_2              Main
     00000022  _LCD_ShowChar_PARM_2               Main
     00000023  _LCD_ShowChar_PARM_3               Main
     00000024  _LCD_ShowString_PARM_2             Main
     00000025  _LCD_ShowString_PARM_3             Main
     00000028  _LCD_Pow_PARM_2                    Main
     0000002A  _LCD_ShowNum_PARM_2                Main
     0000002B  _LCD_ShowNum_PARM_3                Main
     0000002D  _LCD_ShowNum_PARM_4                Main
     0000002E  _LCD_ShowSignedNum_PARM_2          Main
     0000002F  _LCD_ShowSignedNum_PARM_3          Main
     00000031  _LCD_ShowSignedNum_PARM_4          Main
     00000032  _LCD_ShowHexNum_PARM_2             Main
     00000033  _LCD_ShowHexNum_PARM_3             Main
     00000035  _LCD_ShowHexNum_PARM_4             Main
     00000036  _LCD_ShowBinNum_PARM_2             Main
     00000037  _LCD_ShowBinNum_PARM_3             Main
     00000039  _LCD_ShowBinNum_PARM_4             Main
     0000003A  _AT24C02_WriteByte_PARM_2          Main
     0000003B  _K1                                Main
     0000003D  _FLAG                              Main
     0000003F  _cont                              Main
     00000041  _Num_Mat                           Main
     00000042  _PassWord_Set                      Main
     00000044  _PassWord                          Main
     00000046  _PassWord_Ent                      Main
     00000048  _FLAG_F                            Main
     0000004A  _Door_Flag                         Main

ASxxxx Linker V03.00 + NoICE + sdld,  page 10.
Hexadecimal  [32-Bits]

Area                                    Addr        Size        Decimal Bytes (Attributes)
--------------------------------        ----        ----        ------- ----- ------------
OSEG                                00000008    00000002 =           2. bytes (REL,OVR)

      Value  Global                              Global Defined In Module
      -----  --------------------------------   ------------------------
     00000008  __divsint_PARM_2                   _divuint
     00000008  __divuint_PARM_2                   _divuint
     00000008  __modsint_PARM_2                   _moduint
     00000008  __moduint_PARM_2                   _moduint
     00000008  __mulint_PARM_2                    _mulint

ASxxxx Linker V03.00 + NoICE + sdld,  page 11.
Hexadecimal  [32-Bits]

Area                                    Addr        Size        Decimal Bytes (Attributes)
--------------------------------        ----        ----        ------- ----- ------------
SSEG                                0000004F    000000B1 =         177. bytes (REL,OVR)

      Value  Global                              Global Defined In Module
      -----  --------------------------------   ------------------------
     0000004F  __start__stack                     Main

ASxxxx Linker V03.00 + NoICE + sdld,  page 12.
Hexadecimal  [32-Bits]

Area                                    Addr        Size        Decimal Bytes (Attributes)
--------------------------------        ----        ----        ------- ----- ------------
HOME                                00000000    00000011 =          17. bytes (REL,CON,CODE)

      Value  Global                              Global Defined In Module
      -----  --------------------------------   ------------------------
C:   0000000E  __sdcc_program_startup             Main

ASxxxx Linker V03.00 + NoICE + sdld,  page 13.
Hexadecimal  [32-Bits]

Area                                    Addr        Size        Decimal Bytes (Attributes)
--------------------------------        ----        ----        ------- ----- ------------
GSINIT0                             00000011    00000003 =           3. bytes (REL,CON,CODE)

      Value  Global                              Global Defined In Module
      -----  --------------------------------   ------------------------
C:   00000011  __sdcc_gsinit_startup              

ASxxxx Linker V03.00 + NoICE + sdld,  page 14.
Hexadecimal  [32-Bits]

Area                                    Addr        Size        Decimal Bytes (Attributes)
--------------------------------        ----        ----        ------- ----- ------------
GSINIT2                             00000014    0000000A =          10. bytes (REL,CON,CODE)

      Value  Global                              Global Defined In Module
      -----  --------------------------------   ------------------------
ASxxxx Linker V03.00 + NoICE + sdld,  page 15.
Hexadecimal  [32-Bits]

Area                                    Addr        Size        Decimal Bytes (Attributes)
--------------------------------        ----        ----        ------- ----- ------------
GSINIT3                             0000001E    00000022 =          34. bytes (REL,CON,CODE)

      Value  Global                              Global Defined In Module
      -----  --------------------------------   ------------------------
C:   0000001E  __mcs51_genXINIT                   

ASxxxx Linker V03.00 + NoICE + sdld,  page 16.
Hexadecimal  [32-Bits]

Area                                    Addr        Size        Decimal Bytes (Attributes)
--------------------------------        ----        ----        ------- ----- ------------
GSINIT4                             00000040    0000002A =          42. bytes (REL,CON,CODE)

      Value  Global                              Global Defined In Module
      -----  --------------------------------   ------------------------
C:   00000040  __mcs51_genRAMCLEAR                
C:   00000046  __mcs51_genXRAMCLEAR               

ASxxxx Linker V03.00 + NoICE + sdld,  page 17.
Hexadecimal  [32-Bits]

Area                                    Addr        Size        Decimal Bytes (Attributes)
--------------------------------        ----        ----        ------- ----- ------------
GSFINAL                             0000006A    00000003 =           3. bytes (REL,CON,CODE)

      Value  Global                              Global Defined In Module
      -----  --------------------------------   ------------------------
ASxxxx Linker V03.00 + NoICE + sdld,  page 18.
Hexadecimal  [32-Bits]

Area                                    Addr        Size        Decimal Bytes (Attributes)
--------------------------------        ----        ----        ------- ----- ------------
CSEG                                0000006D    00000B56 =        2902. bytes (REL,CON,CODE)

      Value  Global                              Global Defined In Module
      -----  --------------------------------   ------------------------
C:   0000006D  _delay_mat                         Main
C:   00000096  _MatrKey                           Main
C:   000001C7  _Delay                             Main
C:   000001F0  _DelayS                            Main
C:   00000220  _DelayMs                           Main
C:   00000244  _LCD_Delay                         Main
C:   00000255  _LCD_WriteCommand                  Main
C:   00000267  _LCD_WriteData                     Main
C:   00000279  _LCD_Init                          Main
C:   00000291  _LCD_SetCursor                     Main
C:   000002AF  _LCD_ShowChar                      Main
C:   000002BB  _LCD_ShowString                    Main
C:   000002E6  _LCD_Pow                           Main
C:   00000328  _LCD_ShowNum                       Main
C:   00000373  _LCD_ShowSignedNum                 Main
C:   000003F0  _LCD_ShowHexNum                    Main
C:   00000451  _LCD_ShowBinNum                    Main
C:   00000497  _I2C_Start                         Main
C:   000004A0  _I2C_Stop                          Main
C:   000004A7  _I2C_SendByte                      Main
C:   000004DE  _I2C_ReciveByte                    Main
C:   0000050F  _I2C_SendAck                       Main
C:   0000051A  _I2C_ReciveAck                     Main
C:   00000527  _delay_ATC                         Main
C:   00000550  _AT24C02_WriteByte                 Main
C:   00000579  _AT24C02_ReadByte                  Main
C:   000005B4  _delay_key                         Main
C:   000005DD  _Key                               Main
C:   00000666  _Time_Init                         Main
C:   0000067A  _main                              Main
C:   000009F1  _T0_Routine                        Main
C:   00000ADA  __divuint                          _divuint
C:   00000B03  __mulint                           _mulint
C:   00000B03  __mulint_dummy                     _mulint
C:   00000B20  __moduint                          _moduint
C:   00000B6D  __gptrget                          _gptrget
C:   00000B89  __modsint                          _modsint
C:   00000BBF  __sdcc_external_startup            _startup

ASxxxx Linker V03.00 + NoICE + sdld,  page 19.
Hexadecimal  [32-Bits]

Area                                    Addr        Size        Decimal Bytes (Attributes)
--------------------------------        ----        ----        ------- ----- ------------
CONST                               00000BC3    00000044 =          68. bytes (REL,CON,CODE)

      Value  Global                              Global Defined In Module
      -----  --------------------------------   ------------------------
ASxxxx Linker V03.00 + NoICE + sdld,  page 20.

Files Linked                              [ module(s) ]

Main.rel                                  [  ]


Libraries Linked                          [ object file ]

/usr/bin/../share/sdcc/lib/small/libint.lib
                                          [ _divuint.rel ]
/usr/bin/../share/sdcc/lib/small/mcs51.lib
                                          [ crtclear.rel ]
/usr/bin/../share/sdcc/lib/small/mcs51.lib
                                          [ crtxinit.rel ]
/usr/bin/../share/sdcc/lib/small/libint.lib
                                          [ _mulint.rel ]
/usr/bin/../share/sdcc/lib/small/libint.lib
                                          [ _moduint.rel ]
/usr/bin/../share/sdcc/lib/small/mcs51.lib
                                          [ crtxclear.rel ]
/usr/bin/../share/sdcc/lib/small/mcs51.lib
                                          [ crtpagesfr.rel ]
/usr/bin/../share/sdcc/lib/small/mcs51.lib
                                          [ crtstart.rel ]
/usr/bin/../share/sdcc/lib/small/libsdcc.lib
                                          [ _gptrget.rel ]
/usr/bin/../share/sdcc/lib/small/libint.lib
                                          [ _modsint.rel ]
/usr/bin/../share/sdcc/lib/small/libsdcc.lib
                                          [ _startup.rel ]

ASxxxx Linker V03.00 + NoICE + sdld,  page 21.

User Base Address Definitions

HOME = 0x0000
XSEG = 0x0001
PSEG = 0x0001
ISEG = 0x0000
BSEG = 0x0000

